

     CUnit - A unit testing framework for C - Version 2.1-3
     http://cunit.sourceforge.net/


Suite: MergeArraysSuite
  Test: testMergeArrays ...FAILED
    1. CUnit_testing_STM32.c:21  - CU_ASSERT_EQUAL_FATAL(merged[i],expected[i])

Run Summary:    Type  Total    Ran Passed Failed Inactive
              suites      1      1    n/a      0        0
               tests      1      1      0      1        0
             asserts      2      2      1      1      n/a

Elapsed time =    0.000 seconds
